// Jest Snapshot v1, https://goo.gl/fbAQLP

exports[`Homepage tests renders correctly 1`] = `
<div>
  <div
    class="container"
  >
    <div
      class="header"
    >
      <nav
        class="topNav"
      >
        <ul
          class="navigation"
        >
          <li
            id="home"
          >
            <a
              aria-current="page"
              class="active"
              href="/"
            >
              Home
            </a>
          </li>
          <li
            id="addNewArticle"
          >
            <a
              href="/addnewarticle"
            >
              Add New Article
            </a>
          </li>
        </ul>
      </nav>
    </div>
    <div
      class="body"
    >
      <div
        class="container"
      >
        <div
          class="titleContainer"
        >
          <h1>
            Article collection
          </h1>
          <nav
            class="midNav"
          >
            <ul
              class="navigation"
            >
              <li>
                <a
                  href="/minelist"
                >
                  Mine's
                </a>
              </li>
              <li>
                <a
                  href="/moodchoosing"
                >
                  Moods
                </a>
              </li>
              <li>
                <a
                  href="/randomwalk"
                >
                  Random Walk
                </a>
              </li>
            </ul>
          </nav>
        </div>
        <img
          alt="black and white photo: afternoon"
          class="imageContainer"
          sizes=" (max-width: 800px) 300px, (max-width: 1000px) 400px, (max-width: 1300px) 500px,  700px "
          src="IMG_0489-600_x_600.JPG"
          srcset="images/IMG_0489-900_x_900.JPG 900w"
        />
      </div>
    </div>
    <div
      class="footer"
    >
      <nav>
        <ul
          class="navigation"
        >
          <li
            id="aboutMe"
          >
            <a
              href="/aboutme"
            >
              About me
            </a>
          </li>
          <li
            id="contactMe"
          >
            <a
              href="/contactme"
            >
              Contact me
            </a>
          </li>
        </ul>
      </nav>
    </div>
  </div>
</div>
`;
