// Jest Snapshot v1, https://goo.gl/fbAQLP

exports[`AddNewArticlePage tests renders correctly 1`] = `
<div>
  <div
    class="container"
  >
    <div
      class="header"
    >
      <nav
        class="navigation"
      >
        <ul
          class="leftBar"
        >
          <li>
            <a
              href="/minelist"
            >
              Mine's
            </a>
          </li>
          <li>
            <a
              href="/moodchoosing"
            >
              Moods
            </a>
          </li>
          <li>
            <a
              href="/randomwalk"
            >
              Random Walk
            </a>
          </li>
        </ul>
        <ul
          class="rightBar"
        >
          <li
            id="home"
          >
            <a
              aria-current="page"
              class="active"
              href="/"
            >
              Home
            </a>
          </li>
          <li
            id="addNewArticle"
          >
            <a
              href="/addnewarticle"
            >
              Add New Article
            </a>
          </li>
        </ul>
      </nav>
    </div>
    <div
      class="body"
    >
      <div>
        <form
          class="flexContainer"
          id="newArticle"
        >
          <div
            class="topContainer"
          >
            <input
              class="title"
              placeholder="Title:"
              required=""
              type="text"
            />
            <select
              class="topButton"
            >
              <option
                disabled=""
              >
                Mood
              </option>
              <option
                value="Joyful"
              >
                Joyful
              </option>
              <option
                value="Powerful"
              >
                Powerful
              </option>
              <option
                value="Peaceful"
              >
                Peaceful
              </option>
              <option
                value="Sad"
              >
                Sad
              </option>
              <option
                value="Mad"
              >
                Mad
              </option>
              <option
                value="Scared"
              >
                Scared
              </option>
            </select>
            <select
              class="topButton"
            >
              <option
                disabled=""
              >
                Read/unread
              </option>
              <option
                value="Read"
              >
                Read
              </option>
              <option
                value="Unread"
              >
                Unread
              </option>
            </select>
          </div>
          <textarea
            class="bodyContainer"
            form="newArticle"
          >
            Enter article here...
          </textarea>
          <div
            class="bottomContainer"
          >
            <textarea
              class="shortQuote"
              form="newArticle"
            >
              Enter short quote here...
            </textarea>
            <div
              class="columnLinkContainer"
            >
              <form
                class="length"
              >
                <div>
                  <input
                    id="short"
                    name="length"
                    type="radio"
                    value="Short"
                  />
                  <label
                    for="short"
                  >
                     Short
                  </label>
                </div>
                <div>
                  <input
                    id="medium"
                    name="length"
                    type="radio"
                    value="Medium"
                  />
                  <label
                    for="medium"
                  >
                     Medium
                  </label>
                   
                </div>
                <div>
                  <input
                    id="long"
                    name="length"
                    type="radio"
                    value="Long"
                  />
                  <label
                    for="long"
                  >
                     Long
                  </label>
                </div>
              </form>
              <input
                class="link"
                pattern="https?://.+"
                placeholder="Image Link: "
                type="text"
              />
              <input
                class="link"
                pattern="https?://.+"
                placeholder="Original Article Link:"
                type="text"
              />
            </div>
          </div>
          <div
            class="lastRowContainer"
          >
            <input
              placeholder="Author:"
              required=""
              type="text"
            />
            <input
              pattern="[0-9]{4}-[0-9]{2}-[0-9]{2}"
              placeholder="Date: 2021-04-21"
              required=""
              type="text"
            />
            <input
              type="submit"
            />
          </div>
        </form>
      </div>
    </div>
    <div
      class="footer"
    >
      <nav>
        <ul
          class="navigation"
        >
          <li
            id="aboutMe"
          >
            <a
              href="/aboutme"
            >
              About me
            </a>
          </li>
          <li
            id="contactMe"
          >
            <a
              href="/contactme"
            >
              Contact me
            </a>
          </li>
        </ul>
      </nav>
    </div>
  </div>
</div>
`;
